[2025-08-22 12:41:54,807] [root:38] - INFO - Start data Ingestion
[2025-08-22 12:42:02,690] [root:63] - INFO - Performed train-test split on the dataframe
[2025-08-22 12:42:02,690] [root:64] - INFO - Exited split_data_as_train_test method of DataIngestion class
[2025-08-22 12:42:02,692] [root:70] - INFO - Exporting train and test file path
[2025-08-22 12:42:03,152] [root:80] - INFO - Exported train and test file path.
[2025-08-22 12:42:03,164] [root:41] - INFO - Data Ingestion completed and artifact: DataIngestionArtifact(trained_file_path='Artifacts\\08_22_2025_12_41_54\\data_ingestion\\ingested\\train.csv', test_file_path='Artifacts\\08_22_2025_12_41_54\\data_ingestion\\ingested\\test.csv')
[2025-08-22 12:42:03,218] [root:51] - INFO - Initiate the data Validation
[2025-08-22 12:42:03,448] [root:31] - INFO - Required number of columns: 32
[2025-08-22 12:42:03,449] [root:32] - INFO - Data frame has columns: 32
[2025-08-22 12:42:03,449] [root:31] - INFO - Required number of columns: 32
[2025-08-22 12:42:03,449] [root:32] - INFO - Data frame has columns: 32
[2025-08-22 12:42:04,249] [root:61] - INFO - Entered initiate_data_transformation method of DataTransformation class
[2025-08-22 12:42:04,249] [root:63] - INFO - Starting data transformation
[2025-08-22 12:42:04,452] [root:48] - INFO - Entered get_data_transformer_object method of Transformation class
[2025-08-22 12:42:04,452] [root:51] - INFO - Initialise KNNImputer with {'missing_values': nan, 'n_neighbors': 3, 'weights': 'uniform'}
[2025-08-22 12:42:04,493] [root:46] - INFO - Entered the save_object method of MainUtils class
[2025-08-22 12:42:04,502] [root:50] - INFO - Exited the save_object method of MainUtils class
[2025-08-22 12:42:04,502] [root:46] - INFO - Entered the save_object method of MainUtils class
[2025-08-22 12:42:04,509] [root:50] - INFO - Exited the save_object method of MainUtils class
[2025-08-22 12:54:51,550] [root:46] - INFO - Entered the save_object method of MainUtils class
[2025-08-22 12:54:51,707] [root:50] - INFO - Exited the save_object method of MainUtils class
[2025-08-22 12:54:51,707] [root:46] - INFO - Entered the save_object method of MainUtils class
[2025-08-22 12:54:51,852] [root:50] - INFO - Exited the save_object method of MainUtils class
[2025-08-22 12:54:51,853] [root:125] - INFO - Model trainer artifact: ModelTrainerArtifact(trained_model_file_path='Artifacts\\08_22_2025_12_41_54\\model_trainer\\trained_model\\model.pkl', train_metric_artifact=ClassificationMetricArtifact(f1_score=0.9904315960912052, precision_score=0.9884193417310037, recall_score=0.992452060383517), test_metric_artifact=ClassificationMetricArtifact(f1_score=0.9784517158818835, precision_score=0.9800159872102319, recall_score=0.9768924302788845))
[2025-08-25 22:49:27,005] [root:38] - INFO - Start data Ingestion
[2025-08-25 22:49:57,903] [root:86] - ERROR - Training Failed: Error occurred in python script [D:\NetworkSecurity\networksecurity\pipeline\training_pipeline.py] line number [95] - Error occurred in python script [D:\NetworkSecurity\networksecurity\pipeline\training_pipeline.py] line number [40] - Error occurred in python script [D:\NetworkSecurity\networksecurity\components\data_ingestion.py] line number [88] - Error occurred in python script [D:\NetworkSecurity\networksecurity\components\data_ingestion.py] line number [36] - SSL handshake failed: ac-hxvjdjh-shard-00-02.jrq1kzk.mongodb.net:27017: [SSL: TLSV1_ALERT_INTERNAL_ERROR] tlsv1 alert internal error (_ssl.c:992),SSL handshake failed: ac-hxvjdjh-shard-00-01.jrq1kzk.mongodb.net:27017: [SSL: TLSV1_ALERT_INTERNAL_ERROR] tlsv1 alert internal error (_ssl.c:992),SSL handshake failed: ac-hxvjdjh-shard-00-00.jrq1kzk.mongodb.net:27017: [SSL: TLSV1_ALERT_INTERNAL_ERROR] tlsv1 alert internal error (_ssl.c:992), Timeout: 30s, Topology Description: <TopologyDescription id: 68ac9b1fac5c915d629f33c8, topology_type: ReplicaSetNoPrimary, servers: [<ServerDescription ('ac-hxvjdjh-shard-00-00.jrq1kzk.mongodb.net', 27017) server_type: Unknown, rtt: None, error=AutoReconnect('SSL handshake failed: ac-hxvjdjh-shard-00-00.jrq1kzk.mongodb.net:27017: [SSL: TLSV1_ALERT_INTERNAL_ERROR] tlsv1 alert internal error (_ssl.c:992)')>, <ServerDescription ('ac-hxvjdjh-shard-00-01.jrq1kzk.mongodb.net', 27017) server_type: Unknown, rtt: None, error=AutoReconnect('SSL handshake failed: ac-hxvjdjh-shard-00-01.jrq1kzk.mongodb.net:27017: [SSL: TLSV1_ALERT_INTERNAL_ERROR] tlsv1 alert internal error (_ssl.c:992)')>, <ServerDescription ('ac-hxvjdjh-shard-00-02.jrq1kzk.mongodb.net', 27017) server_type: Unknown, rtt: None, error=AutoReconnect('SSL handshake failed: ac-hxvjdjh-shard-00-02.jrq1kzk.mongodb.net:27017: [SSL: TLSV1_ALERT_INTERNAL_ERROR] tlsv1 alert internal error (_ssl.c:992)')>]>
Traceback (most recent call last):
  File "D:\NetworkSecurity\networksecurity\components\data_ingestion.py", line 36, in export_collection_as_dataframe
    df = pd.DataFrame(list(collection.find()))
                      ^^^^^^^^^^^^^^^^^^^^^^^
  File "D:\NetworkSecurity\venv\Lib\site-packages\pymongo\cursor.py", line 1207, in next
    if len(self.__data) or self._refresh():
                           ^^^^^^^^^^^^^^^
  File "D:\NetworkSecurity\venv\Lib\site-packages\pymongo\cursor.py", line 1100, in _refresh
    self.__session = self.__collection.database.client._ensure_session()
                     ^^^^^^^^^^^^^^^^^^^^^^^^^^^^^^^^^^^^^^^^^^^^^^^^^^^
  File "D:\NetworkSecurity\venv\Lib\site-packages\pymongo\mongo_client.py", line 1816, in _ensure_session
    return self.__start_session(True, causal_consistency=False)
           ^^^^^^^^^^^^^^^^^^^^^^^^^^^^^^^^^^^^^^^^^^^^^^^^^^^^
  File "D:\NetworkSecurity\venv\Lib\site-packages\pymongo\mongo_client.py", line 1766, in __start_session
    server_session = self._get_server_session()
                     ^^^^^^^^^^^^^^^^^^^^^^^^^^
  File "D:\NetworkSecurity\venv\Lib\site-packages\pymongo\mongo_client.py", line 1802, in _get_server_session
    return self._topology.get_server_session()
           ^^^^^^^^^^^^^^^^^^^^^^^^^^^^^^^^^^^
  File "D:\NetworkSecurity\venv\Lib\site-packages\pymongo\topology.py", line 490, in get_server_session
    self._select_servers_loop(
  File "D:\NetworkSecurity\venv\Lib\site-packages\pymongo\topology.py", line 215, in _select_servers_loop
    raise ServerSelectionTimeoutError(
pymongo.errors.ServerSelectionTimeoutError: SSL handshake failed: ac-hxvjdjh-shard-00-02.jrq1kzk.mongodb.net:27017: [SSL: TLSV1_ALERT_INTERNAL_ERROR] tlsv1 alert internal error (_ssl.c:992),SSL handshake failed: ac-hxvjdjh-shard-00-01.jrq1kzk.mongodb.net:27017: [SSL: TLSV1_ALERT_INTERNAL_ERROR] tlsv1 alert internal error (_ssl.c:992),SSL handshake failed: ac-hxvjdjh-shard-00-00.jrq1kzk.mongodb.net:27017: [SSL: TLSV1_ALERT_INTERNAL_ERROR] tlsv1 alert internal error (_ssl.c:992), Timeout: 30s, Topology Description: <TopologyDescription id: 68ac9b1fac5c915d629f33c8, topology_type: ReplicaSetNoPrimary, servers: [<ServerDescription ('ac-hxvjdjh-shard-00-00.jrq1kzk.mongodb.net', 27017) server_type: Unknown, rtt: None, error=AutoReconnect('SSL handshake failed: ac-hxvjdjh-shard-00-00.jrq1kzk.mongodb.net:27017: [SSL: TLSV1_ALERT_INTERNAL_ERROR] tlsv1 alert internal error (_ssl.c:992)')>, <ServerDescription ('ac-hxvjdjh-shard-00-01.jrq1kzk.mongodb.net', 27017) server_type: Unknown, rtt: None, error=AutoReconnect('SSL handshake failed: ac-hxvjdjh-shard-00-01.jrq1kzk.mongodb.net:27017: [SSL: TLSV1_ALERT_INTERNAL_ERROR] tlsv1 alert internal error (_ssl.c:992)')>, <ServerDescription ('ac-hxvjdjh-shard-00-02.jrq1kzk.mongodb.net', 27017) server_type: Unknown, rtt: None, error=AutoReconnect('SSL handshake failed: ac-hxvjdjh-shard-00-02.jrq1kzk.mongodb.net:27017: [SSL: TLSV1_ALERT_INTERNAL_ERROR] tlsv1 alert internal error (_ssl.c:992)')>]>

During handling of the above exception, another exception occurred:

Traceback (most recent call last):
  File "D:\NetworkSecurity\networksecurity\components\data_ingestion.py", line 88, in initiate_data_ingestion
    dataframe = self.export_collection_as_dataframe()
                ^^^^^^^^^^^^^^^^^^^^^^^^^^^^^^^^^^^^^
  File "D:\NetworkSecurity\networksecurity\components\data_ingestion.py", line 43, in export_collection_as_dataframe
    raise NetworkSecurityException(e, sys)
networksecurity.exception.exception.NetworkSecurityException: Error occurred in python script [D:\NetworkSecurity\networksecurity\components\data_ingestion.py] line number [36] - SSL handshake failed: ac-hxvjdjh-shard-00-02.jrq1kzk.mongodb.net:27017: [SSL: TLSV1_ALERT_INTERNAL_ERROR] tlsv1 alert internal error (_ssl.c:992),SSL handshake failed: ac-hxvjdjh-shard-00-01.jrq1kzk.mongodb.net:27017: [SSL: TLSV1_ALERT_INTERNAL_ERROR] tlsv1 alert internal error (_ssl.c:992),SSL handshake failed: ac-hxvjdjh-shard-00-00.jrq1kzk.mongodb.net:27017: [SSL: TLSV1_ALERT_INTERNAL_ERROR] tlsv1 alert internal error (_ssl.c:992), Timeout: 30s, Topology Description: <TopologyDescription id: 68ac9b1fac5c915d629f33c8, topology_type: ReplicaSetNoPrimary, servers: [<ServerDescription ('ac-hxvjdjh-shard-00-00.jrq1kzk.mongodb.net', 27017) server_type: Unknown, rtt: None, error=AutoReconnect('SSL handshake failed: ac-hxvjdjh-shard-00-00.jrq1kzk.mongodb.net:27017: [SSL: TLSV1_ALERT_INTERNAL_ERROR] tlsv1 alert internal error (_ssl.c:992)')>, <ServerDescription ('ac-hxvjdjh-shard-00-01.jrq1kzk.mongodb.net', 27017) server_type: Unknown, rtt: None, error=AutoReconnect('SSL handshake failed: ac-hxvjdjh-shard-00-01.jrq1kzk.mongodb.net:27017: [SSL: TLSV1_ALERT_INTERNAL_ERROR] tlsv1 alert internal error (_ssl.c:992)')>, <ServerDescription ('ac-hxvjdjh-shard-00-02.jrq1kzk.mongodb.net', 27017) server_type: Unknown, rtt: None, error=AutoReconnect('SSL handshake failed: ac-hxvjdjh-shard-00-02.jrq1kzk.mongodb.net:27017: [SSL: TLSV1_ALERT_INTERNAL_ERROR] tlsv1 alert internal error (_ssl.c:992)')>]>

During handling of the above exception, another exception occurred:

Traceback (most recent call last):
  File "D:\NetworkSecurity\networksecurity\pipeline\training_pipeline.py", line 40, in start_data_ingestion
    data_ingestion_artifact = data_ingestion.initiate_data_ingestion()
                              ^^^^^^^^^^^^^^^^^^^^^^^^^^^^^^^^^^^^^^^^
  File "D:\NetworkSecurity\networksecurity\components\data_ingestion.py", line 98, in initiate_data_ingestion
    raise NetworkSecurityException(e, sys)
networksecurity.exception.exception.NetworkSecurityException: Error occurred in python script [D:\NetworkSecurity\networksecurity\components\data_ingestion.py] line number [88] - Error occurred in python script [D:\NetworkSecurity\networksecurity\components\data_ingestion.py] line number [36] - SSL handshake failed: ac-hxvjdjh-shard-00-02.jrq1kzk.mongodb.net:27017: [SSL: TLSV1_ALERT_INTERNAL_ERROR] tlsv1 alert internal error (_ssl.c:992),SSL handshake failed: ac-hxvjdjh-shard-00-01.jrq1kzk.mongodb.net:27017: [SSL: TLSV1_ALERT_INTERNAL_ERROR] tlsv1 alert internal error (_ssl.c:992),SSL handshake failed: ac-hxvjdjh-shard-00-00.jrq1kzk.mongodb.net:27017: [SSL: TLSV1_ALERT_INTERNAL_ERROR] tlsv1 alert internal error (_ssl.c:992), Timeout: 30s, Topology Description: <TopologyDescription id: 68ac9b1fac5c915d629f33c8, topology_type: ReplicaSetNoPrimary, servers: [<ServerDescription ('ac-hxvjdjh-shard-00-00.jrq1kzk.mongodb.net', 27017) server_type: Unknown, rtt: None, error=AutoReconnect('SSL handshake failed: ac-hxvjdjh-shard-00-00.jrq1kzk.mongodb.net:27017: [SSL: TLSV1_ALERT_INTERNAL_ERROR] tlsv1 alert internal error (_ssl.c:992)')>, <ServerDescription ('ac-hxvjdjh-shard-00-01.jrq1kzk.mongodb.net', 27017) server_type: Unknown, rtt: None, error=AutoReconnect('SSL handshake failed: ac-hxvjdjh-shard-00-01.jrq1kzk.mongodb.net:27017: [SSL: TLSV1_ALERT_INTERNAL_ERROR] tlsv1 alert internal error (_ssl.c:992)')>, <ServerDescription ('ac-hxvjdjh-shard-00-02.jrq1kzk.mongodb.net', 27017) server_type: Unknown, rtt: None, error=AutoReconnect('SSL handshake failed: ac-hxvjdjh-shard-00-02.jrq1kzk.mongodb.net:27017: [SSL: TLSV1_ALERT_INTERNAL_ERROR] tlsv1 alert internal error (_ssl.c:992)')>]>

During handling of the above exception, another exception occurred:

Traceback (most recent call last):
  File "D:\NetworkSecurity\networksecurity\pipeline\training_pipeline.py", line 95, in run_pipeline
    data_ingestion_artifact = self.start_data_ingestion()
                              ^^^^^^^^^^^^^^^^^^^^^^^^^^^
  File "D:\NetworkSecurity\networksecurity\pipeline\training_pipeline.py", line 45, in start_data_ingestion
    raise NetworkSecurityException(e,sys)
networksecurity.exception.exception.NetworkSecurityException: Error occurred in python script [D:\NetworkSecurity\networksecurity\pipeline\training_pipeline.py] line number [40] - Error occurred in python script [D:\NetworkSecurity\networksecurity\components\data_ingestion.py] line number [88] - Error occurred in python script [D:\NetworkSecurity\networksecurity\components\data_ingestion.py] line number [36] - SSL handshake failed: ac-hxvjdjh-shard-00-02.jrq1kzk.mongodb.net:27017: [SSL: TLSV1_ALERT_INTERNAL_ERROR] tlsv1 alert internal error (_ssl.c:992),SSL handshake failed: ac-hxvjdjh-shard-00-01.jrq1kzk.mongodb.net:27017: [SSL: TLSV1_ALERT_INTERNAL_ERROR] tlsv1 alert internal error (_ssl.c:992),SSL handshake failed: ac-hxvjdjh-shard-00-00.jrq1kzk.mongodb.net:27017: [SSL: TLSV1_ALERT_INTERNAL_ERROR] tlsv1 alert internal error (_ssl.c:992), Timeout: 30s, Topology Description: <TopologyDescription id: 68ac9b1fac5c915d629f33c8, topology_type: ReplicaSetNoPrimary, servers: [<ServerDescription ('ac-hxvjdjh-shard-00-00.jrq1kzk.mongodb.net', 27017) server_type: Unknown, rtt: None, error=AutoReconnect('SSL handshake failed: ac-hxvjdjh-shard-00-00.jrq1kzk.mongodb.net:27017: [SSL: TLSV1_ALERT_INTERNAL_ERROR] tlsv1 alert internal error (_ssl.c:992)')>, <ServerDescription ('ac-hxvjdjh-shard-00-01.jrq1kzk.mongodb.net', 27017) server_type: Unknown, rtt: None, error=AutoReconnect('SSL handshake failed: ac-hxvjdjh-shard-00-01.jrq1kzk.mongodb.net:27017: [SSL: TLSV1_ALERT_INTERNAL_ERROR] tlsv1 alert internal error (_ssl.c:992)')>, <ServerDescription ('ac-hxvjdjh-shard-00-02.jrq1kzk.mongodb.net', 27017) server_type: Unknown, rtt: None, error=AutoReconnect('SSL handshake failed: ac-hxvjdjh-shard-00-02.jrq1kzk.mongodb.net:27017: [SSL: TLSV1_ALERT_INTERNAL_ERROR] tlsv1 alert internal error (_ssl.c:992)')>]>

During handling of the above exception, another exception occurred:

Traceback (most recent call last):
  File "D:\NetworkSecurity\app.py", line 81, in train_route
    train_pipeline.run_pipeline()
  File "D:\NetworkSecurity\networksecurity\pipeline\training_pipeline.py", line 105, in run_pipeline
    raise NetworkSecurityException(e,sys)
networksecurity.exception.exception.NetworkSecurityException: Error occurred in python script [D:\NetworkSecurity\networksecurity\pipeline\training_pipeline.py] line number [95] - Error occurred in python script [D:\NetworkSecurity\networksecurity\pipeline\training_pipeline.py] line number [40] - Error occurred in python script [D:\NetworkSecurity\networksecurity\components\data_ingestion.py] line number [88] - Error occurred in python script [D:\NetworkSecurity\networksecurity\components\data_ingestion.py] line number [36] - SSL handshake failed: ac-hxvjdjh-shard-00-02.jrq1kzk.mongodb.net:27017: [SSL: TLSV1_ALERT_INTERNAL_ERROR] tlsv1 alert internal error (_ssl.c:992),SSL handshake failed: ac-hxvjdjh-shard-00-01.jrq1kzk.mongodb.net:27017: [SSL: TLSV1_ALERT_INTERNAL_ERROR] tlsv1 alert internal error (_ssl.c:992),SSL handshake failed: ac-hxvjdjh-shard-00-00.jrq1kzk.mongodb.net:27017: [SSL: TLSV1_ALERT_INTERNAL_ERROR] tlsv1 alert internal error (_ssl.c:992), Timeout: 30s, Topology Description: <TopologyDescription id: 68ac9b1fac5c915d629f33c8, topology_type: ReplicaSetNoPrimary, servers: [<ServerDescription ('ac-hxvjdjh-shard-00-00.jrq1kzk.mongodb.net', 27017) server_type: Unknown, rtt: None, error=AutoReconnect('SSL handshake failed: ac-hxvjdjh-shard-00-00.jrq1kzk.mongodb.net:27017: [SSL: TLSV1_ALERT_INTERNAL_ERROR] tlsv1 alert internal error (_ssl.c:992)')>, <ServerDescription ('ac-hxvjdjh-shard-00-01.jrq1kzk.mongodb.net', 27017) server_type: Unknown, rtt: None, error=AutoReconnect('SSL handshake failed: ac-hxvjdjh-shard-00-01.jrq1kzk.mongodb.net:27017: [SSL: TLSV1_ALERT_INTERNAL_ERROR] tlsv1 alert internal error (_ssl.c:992)')>, <ServerDescription ('ac-hxvjdjh-shard-00-02.jrq1kzk.mongodb.net', 27017) server_type: Unknown, rtt: None, error=AutoReconnect('SSL handshake failed: ac-hxvjdjh-shard-00-02.jrq1kzk.mongodb.net:27017: [SSL: TLSV1_ALERT_INTERNAL_ERROR] tlsv1 alert internal error (_ssl.c:992)')>]>

